---
source: src/tests/routes/crates/list.rs
expression: response.json()
---
{
  "errors": [
    {
      "detail": "Failed to deserialize query string: q: string contains null byte"
    }
  ]
}
